// Jest Snapshot v1, https://goo.gl/fbAQLP

exports[`Button Component Should initialize properly 1`] = `
<div
  class="css-ftf61z"
>
  <div
    class="css-2w2tn1"
  />
  <button
    class="css-1po5ksq"
  >
    hi
  </button>
</div>
`;
