// Jest Snapshot v1, https://goo.gl/fbAQLP

exports[`ContextMenu Component Should render 1`] = `
<div
  class="css-ftf61z"
>
  <div
    class="css-2w2tn1"
  />
  <div
    class="css-lra4z2-contextmenu"
  >
    <svg
      class="css-qdx4tx"
      fill="currentColor"
      height="16"
      viewBox="0 0 360 360"
      width="16"
    >
      <path
        d="M320,340.187l-280,0l0,-320l280,0l0,320Zm-120,-59.999l0,-40l-120,0l0,40l120,0Zm80,-80l0,-40l-200,0l0,40l200,0Zm0,-80l0,-40l-200,0l0,40l200,0Z"
      />
    </svg>
  </div>
</div>
`;
