// Jest Snapshot v1, https://goo.gl/fbAQLP

exports[`Paginator Component Should initialize properly 1`] = `
<div
  class="css-ftf61z"
>
  <div
    class="css-2w2tn1"
  />
  <div
    class="css-1te9eab-paginator"
  >
    <button
      class="css-m2novv"
      type="first"
    >
      first
    </button>
    <button
      class="css-ln8rrk"
      type="previous"
    >
      <svg
        class="css-qdx4tx"
        fill="currentColor"
        height="11"
        viewBox="0 0 360 360"
        width="11"
      >
        <path
          d="M264.142,54.33l-125.858,125.858l125.858,125.857l-28.284,28.285l-154.142,-154.142l154.142,-154.143c9.428,9.428 18.856,18.857 28.284,28.285Z"
        />
      </svg>
      <span>
        prev
      </span>
    </button>
    <div
      class="css-1fzcbye"
    >
      <span>
        101-150
      </span>
       of 258
    </div>
    <button
      class="css-ln8rrk"
      type="next"
    >
      <span>
        next
      </span>
      <svg
        class="css-qdx4tx"
        fill="currentColor"
        height="11"
        viewBox="0 0 360 360"
        width="11"
      >
        <path
          d="M278.284,180.187l-154.142,154.143l-28.284,-28.285l125.858,-125.858l-125.858,-125.857l28.284,-28.285c51.381,51.381 102.762,102.762 154.142,154.142Z"
        />
      </svg>
    </button>
    <button
      class="css-m2novv"
      type="last"
    >
      last
    </button>
  </div>
</div>
`;
