// Jest Snapshot v1, https://goo.gl/fbAQLP

exports[`Grid Component Should render 1`] = `
<div
  class="css-ftf61z"
>
  <div
    class="css-2w2tn1"
  />
  <div
    class="css-81rz3h-Grid"
  />
</div>
`;
