// Jest Snapshot v1, https://goo.gl/fbAQLP

exports[`ButtonGroup Component Should initialize properly 1`] = `
<div
  class="css-ftf61z"
>
  <div
    class="css-2w2tn1"
  />
  <div
    class="css-f3sa0o-buttongroup"
  >
    <button
      class="css-1po5ksq"
    >
      Hello
    </button>
  </div>
</div>
`;
