// Jest Snapshot v1, https://goo.gl/fbAQLP

exports[`Tooltip Component Should intialize without problems 1`] = `
<div
  class="css-ftf61z"
>
  <div
    class="css-2w2tn1"
  />
  <div
    class="css-i79moz-tooltip"
  >
    <p>
      Hello
    </p>
  </div>
  <div
    class="operational-ui-tooltip css-1c004wu-tooltip"
  >
    <p>
      Hello
    </p>
  </div>
</div>
`;
