// Jest Snapshot v1, https://goo.gl/fbAQLP

exports[`Spinner Component Should render 1`] = `
<div
  class="css-ftf61z"
>
  <div
    class="css-2w2tn1"
  />
  <div
    class="css-110u284"
  >
    <div
      class="css-qeu37x"
    >
      <svg
        viewBox="0 0 360 360"
      >
        <path
          d="M160,0 L160,100 L200,100 L200,0Z"
        />
        <path
          d="M321.396,67.075l-70.697,70.697l-28.284,-28.284l70.697,-70.697c9.428,9.428 18.856,18.856 28.284,28.284Z"
        />
        <path
          d="M260,160 L360,160 L360,200 L260,200Z"
        />
        <path
          d="M321.853,292.842l-28.285,28.284l-69.71,-69.711l28.284,-28.284c23.237,23.237 46.474,46.474 69.711,69.711Z"
        />
        <path
          d="M160,260 L160,360 L200,360 L200,260Z"
        />
        <path
          d="M136.142,251.415l-69.71,69.711l-28.285,-28.284l69.711,-69.711c9.428,9.428 18.856,18.856 28.284,28.284Z"
        />
        <path
          d="M0,160 L100,160 L100,200 L0,200Z"
        />
        <path
          d="M137.592,109.495l-28.299,28.269l-70.659,-70.734l28.3,-28.269c23.553,23.578 47.105,47.156 70.658,70.734Z"
        />
      </svg>
    </div>
  </div>
</div>
`;
