// Jest Snapshot v1, https://goo.gl/fbAQLP

exports[`DatePicker Component Should render 1`] = `
<div
  class="css-ftf61z"
>
  <div
    class="css-2w2tn1"
  />
  <div
    class="css-hbollr-datepicker"
  >
    <div
      class="css-858ui5"
    >
      <svg
        class="css-qdx4tx"
        fill="currentColor"
        height="14"
        viewBox="0 0 360 360"
        width="14"
      >
        <path
          d="M180,151.903l105.858,-105.858c9.428,9.428 18.856,18.856 28.284,28.285l-105.858,105.857l105.858,105.858l-28.284,28.285l-105.858,-105.858l-105.858,105.858l-28.284,-28.285l105.858,-105.858l-105.858,-105.857l28.284,-28.285l105.858,105.858Z"
        />
      </svg>
    </div>
    <input
      class="css-1l21mgo"
      placeholder="Pick a date"
      readonly=""
      value="2018-01-02 - 2018-01-23"
    />
    <div
      class="css-17y4r9v"
    >
      <div
        class="css-rjp1ph"
      >
        <div
          class="css-1yzl3rb"
        >
          <svg
            class="css-qdx4tx"
            fill="currentColor"
            height="12"
            viewBox="0 0 360 360"
            width="12"
          >
            <path
              d="M264.142,54.33l-125.858,125.858l125.858,125.857l-28.284,28.285l-154.142,-154.142l154.142,-154.143c9.428,9.428 18.856,18.857 28.284,28.285Z"
            />
          </svg>
        </div>
        <span>
          January, 2018
        </span>
        <div
          class="css-1yzl3rb"
        >
          <svg
            class="css-qdx4tx"
            fill="currentColor"
            height="12"
            viewBox="0 0 360 360"
            width="12"
          >
            <path
              d="M278.284,180.187l-154.142,154.143l-28.284,-28.285l125.858,-125.858l-125.858,-125.857l28.284,-28.285c51.381,51.381 102.762,102.762 154.142,154.142Z"
            />
          </svg>
        </div>
      </div>
      <div
        class="css-1ll3uuv"
      >
        <div
          class="css-1qsbqtu"
        >
          S
        </div>
        <div
          class="css-1qsbqtu"
        >
          M
        </div>
        <div
          class="css-1qsbqtu"
        >
          T
        </div>
        <div
          class="css-1qsbqtu"
        >
          W
        </div>
        <div
          class="css-1qsbqtu"
        >
          T
        </div>
        <div
          class="css-1qsbqtu"
        >
          F
        </div>
        <div
          class="css-1qsbqtu"
        >
          S
        </div>
        <div
          class="css-nx0nor"
        >
          31
        </div>
        <div
          class="css-1cg1rt1"
        >
          1
        </div>
        <div
          class="css-3ve8fu"
          selected=""
        >
          2
        </div>
        <div
          class="css-3ve8fu"
          selected=""
        >
          3
        </div>
        <div
          class="css-3ve8fu"
          selected=""
        >
          4
        </div>
        <div
          class="css-3ve8fu"
          selected=""
        >
          5
        </div>
        <div
          class="css-3ve8fu"
          selected=""
        >
          6
        </div>
        <div
          class="css-3ve8fu"
          selected=""
        >
          7
        </div>
        <div
          class="css-3ve8fu"
          selected=""
        >
          8
        </div>
        <div
          class="css-3ve8fu"
          selected=""
        >
          9
        </div>
        <div
          class="css-3ve8fu"
          selected=""
        >
          10
        </div>
        <div
          class="css-3ve8fu"
          selected=""
        >
          11
        </div>
        <div
          class="css-3ve8fu"
          selected=""
        >
          12
        </div>
        <div
          class="css-3ve8fu"
          selected=""
        >
          13
        </div>
        <div
          class="css-3ve8fu"
          selected=""
        >
          14
        </div>
        <div
          class="css-3ve8fu"
          selected=""
        >
          15
        </div>
        <div
          class="css-3ve8fu"
          selected=""
        >
          16
        </div>
        <div
          class="css-3ve8fu"
          selected=""
        >
          17
        </div>
        <div
          class="css-3ve8fu"
          selected=""
        >
          18
        </div>
        <div
          class="css-3ve8fu"
          selected=""
        >
          19
        </div>
        <div
          class="css-3ve8fu"
          selected=""
        >
          20
        </div>
        <div
          class="css-3ve8fu"
          selected=""
        >
          21
        </div>
        <div
          class="css-3ve8fu"
          selected=""
        >
          22
        </div>
        <div
          class="css-3ve8fu"
          selected=""
        >
          23
        </div>
        <div
          class="css-1cg1rt1"
        >
          24
        </div>
        <div
          class="css-1cg1rt1"
        >
          25
        </div>
        <div
          class="css-1cg1rt1"
        >
          26
        </div>
        <div
          class="css-1cg1rt1"
        >
          27
        </div>
        <div
          class="css-1cg1rt1"
        >
          28
        </div>
        <div
          class="css-1cg1rt1"
        >
          29
        </div>
        <div
          class="css-1cg1rt1"
        >
          30
        </div>
        <div
          class="css-1cg1rt1"
        >
          31
        </div>
        <div
          class="css-nx0nor"
        >
          1
        </div>
        <div
          class="css-nx0nor"
        >
          2
        </div>
        <div
          class="css-nx0nor"
        >
          3
        </div>
      </div>
    </div>
  </div>
</div>
`;
