// Jest Snapshot v1, https://goo.gl/fbAQLP

exports[`Chip Should render 1`] = `
<div
  class="css-ftf61z"
>
  <div
    class="css-2w2tn1"
  />
  <div
    class="css-5qy0rm-chip"
  >
    <div
      class="css-1k6isyt"
    >
      Hi
    </div>
  </div>
</div>
`;
