// Jest Snapshot v1, https://goo.gl/fbAQLP

exports[`Table Component Should render 1`] = `
<div
  class="css-ftf61z"
>
  <div
    class="css-2w2tn1"
  />
  <table
    class="css-je0z3e"
  >
    <thead
      class="css-x4ot8q"
    >
      <tr
        class="css-16kb41"
      />
    </thead>
    <tbody>
      <tr
        class="css-16kb41"
      >
        <td
          class="css-1duroev"
          colspan="0"
        >
          There are no records available
        </td>
      </tr>
    </tbody>
  </table>
</div>
`;
