// Jest Snapshot v1, https://goo.gl/fbAQLP

exports[`Switch Should render 1`] = `
<div
  class="css-ftf61z"
>
  <div
    class="css-2w2tn1"
  />
  <div
    class="css-18biwo"
  >
    <div
      class="css-1nz7xkz-switch"
    >
      <div
        class="css-1fa6gf0"
      />
      <div
        class="css-1el1g4o"
      />
    </div>
  </div>
</div>
`;
