// Jest Snapshot v1, https://goo.gl/fbAQLP

exports[`ProgressPanel Component Should initialize properly 1`] = `
<div
  class="css-ftf61z"
>
  <div
    class="css-2w2tn1"
  />
  <div
    class="css-4vzd3q"
  >
    <div
      class="css-tpuwpq"
    >
      <div
        class="css-9fq4n"
      >
        <svg
          class="css-wirwya"
          fill="currentColor"
          height="18"
          viewBox="0 0 360 360"
          width="18"
        >
          <path
            d="M343.142,83.33l-214.142,214.142l-114.142,-114.142l28.284,-28.285l85.858,85.858l185.858,-185.858c9.428,9.428 18.856,18.857 28.284,28.285Z"
          />
        </svg>
        Something
      </div>
    </div>
    <div
      class="css-tpuwpq"
    >
      <div
        class="css-5ugjy6"
      >
        <svg
          class="css-wirwya"
          fill="currentColor"
          height="18"
          viewBox="0 0 360 360"
          width="18"
        >
          <path
            d="M180,151.903l105.858,-105.858c9.428,9.428 18.856,18.856 28.284,28.285l-105.858,105.857l105.858,105.858l-28.284,28.285l-105.858,-105.858l-105.858,105.858l-28.284,-28.285l105.858,-105.858l-105.858,-105.857l28.284,-28.285l105.858,105.858Z"
          />
        </svg>
        Something
      </div>
      <p
        class="css-mlfoiu"
      >
        Failed to fetch your account data
      </p>
    </div>
    <div
      class="css-tpuwpq"
    >
      <div
        class="css-1q2u45i"
      >
        <div
          class="css-ph6up9"
        >
          <div
            class="css-qeu37x"
          >
            <svg
              viewBox="0 0 360 360"
            >
              <path
                d="M160,0 L160,100 L200,100 L200,0Z"
              />
              <path
                d="M321.396,67.075l-70.697,70.697l-28.284,-28.284l70.697,-70.697c9.428,9.428 18.856,18.856 28.284,28.284Z"
              />
              <path
                d="M260,160 L360,160 L360,200 L260,200Z"
              />
              <path
                d="M321.853,292.842l-28.285,28.284l-69.71,-69.711l28.284,-28.284c23.237,23.237 46.474,46.474 69.711,69.711Z"
              />
              <path
                d="M160,260 L160,360 L200,360 L200,260Z"
              />
              <path
                d="M136.142,251.415l-69.71,69.711l-28.285,-28.284l69.711,-69.711c9.428,9.428 18.856,18.856 28.284,28.284Z"
              />
              <path
                d="M0,160 L100,160 L100,200 L0,200Z"
              />
              <path
                d="M137.592,109.495l-28.299,28.269l-70.659,-70.734l28.3,-28.269c23.553,23.578 47.105,47.156 70.658,70.734Z"
              />
            </svg>
          </div>
        </div>
        Something
      </div>
    </div>
    <div
      class="css-tpuwpq"
    >
      <div
        class="css-9xk9fc"
      >
        <svg
          class="css-wirwya"
          fill="currentColor"
          height="18"
          viewBox="0 0 360 360"
          width="18"
        >
          <path
            d="M180.465,70.236c39.89,0.189 78.628,23.457 97.298,59.348c18.549,35.658 15.663,81.525 -8.344,114.849c-24.164,33.542 -68.192,51.739 -109.784,43.897c-44.272,-8.349 -81.753,-45.94 -88.409,-92.378c-5.794,-40.43 12.637,-83.426 47.4,-106.92c17.733,-11.984 38.916,-18.553 60.418,-18.792c0.474,-0.004 0.948,-0.005 1.421,-0.004Zm-0.595,40c-25.871,0.125 -51.138,15.724 -62.69,39.318c-9.245,18.882 -9.328,42.011 -0.183,60.985c11.292,23.432 36.257,39.604 62.893,39.696c17.737,0.061 35.341,-6.886 48.355,-19.206c17.165,-16.249 25.233,-41.561 20.443,-64.921c-6.332,-30.881 -35.239,-55.49 -67.9,-55.87c-0.306,-0.002 -0.612,-0.003 -0.918,-0.002Z"
          />
        </svg>
        Something
      </div>
    </div>
  </div>
</div>
`;
