// Jest Snapshot v1, https://goo.gl/fbAQLP

exports[`Progress Component Should initialize properly 1`] = `
<div
  class="css-ftf61z"
>
  <div
    class="css-2w2tn1"
  />
  <div
    class="css-15npmm4-progress"
  >
    <div
      class="css-14213oj"
    />
  </div>
</div>
`;
